// Vitest Snapshot v1, https://vitest.dev/guide/snapshot.html

exports[`highlight > highlights JSON fixture 1`] = `
"{
  "name": "@ariacode/cli",
  "version": "1.0.0",
  "description": "Sample JSON fixture for syntax highlighting tests",
  "private": false,
  "enabled": true,
  "count": 42,
  "ratio": 3.14,
  "nothing": null,
  "tags": ["typescript", "nodejs", "cli", "agent"],
  "config": {
    "timeout": 5000,
    "retries": 3,
    "baseUrl": "https://api.example.com",
    "headers": {
      "Content-Type": "application/json",
      "Authorization": "Bearer token123"
    }
  },
  "providers": [
    {
      "name": "anthropic",
      "model": "claude-3-5-sonnet-20241022",
      "maxTokens": 8192,
      "temperature": 0.7,
      "enabled": true
    },
    {
      "name": "openai",
      "model": "gpt-4o",
      "maxTokens": 4096,
      "temperature": 0.5,
      "enabled": false
    }
  ],
  "limits": {
    "maxFileSize": 1048576,
    "maxFiles": 100,
    "maxDepth": 10
  },
  "metadata": {
    "createdAt": "2024-01-15T10:00:00Z",
    "updatedAt": null,
    "schemaVersion": 2
  }
}
"
`;

exports[`highlight > highlights JavaScript fixture 1`] = `
"// JavaScript sample fixture for syntax highlighting tests
'use strict';

const fs = require('fs');
const path = require('path');

const MAX_RETRIES = 3;
const TIMEOUT_MS = 5000;

/**
 * Retry a promise-returning function up to maxRetries times.
 * @param {() => Promise<any>} fn
 * @param {number} maxRetries
 * @returns {Promise<any>}
 */
async function withRetry(fn, maxRetries = MAX_RETRIES) {
  let lastError;
  for (let attempt = 0; attempt < maxRetries; attempt++) {
    try {
      return await fn();
    } catch (err) {
      lastError = err;
      /* wait before retrying */
      await new Promise((resolve) => setTimeout(resolve, 100 * (attempt + 1)));
    }
  }
  throw lastError;
}

class EventEmitter {
  constructor() {
    this._listeners = new Map();
  }

  on(event, listener) {
    if (!this._listeners.has(event)) {
      this._listeners.set(event, []);
    }
    this._listeners.get(event).push(listener);
    return this;
  }

  emit(event, ...args) {
    const listeners = this._listeners.get(event) ?? [];
    for (const listener of listeners) {
      listener(...args);
    }
  }
}

function loadConfig(filePath) {
  if (!fs.existsSync(filePath)) {
    return null;
  }
  const raw = fs.readFileSync(filePath, 'utf-8');
  return JSON.parse(raw);
}

const config = loadConfig(path.join(process.cwd(), '.config.json'));
const emitter = new EventEmitter();

module.exports = { withRetry, EventEmitter, loadConfig, config, emitter };
"
`;

exports[`highlight > highlights Markdown fixture 1`] = `
"# Markdown Sample Fixture

This is a sample Markdown file for syntax highlighting tests.

## Installation

Install via npm:

\`\`\`bash
npm install @ariacode/cli --save-dev
\`\`\`

Or with yarn:

\`\`\`
yarn add @ariacode/cli
\`\`\`

## Usage

### Basic Example

Run the agent with a simple question:

\`\`\`typescript
import { UserService } from './service';

const svc = new UserService();
const result = await svc.getUser(42);
console.log(result.data?.name);
\`\`\`

### Configuration

Add a \`.aria.toml\` file to your project root:

\`\`\`toml
[provider]
name = "anthropic"
model = "claude-3-5-sonnet-20241022"
\`\`\`

## Features

- **Predictable** — every destructive action is previewable
- **Traceable** — all sessions logged to local SQLite
- *Fast* — minimal dependencies, native Node.js
- \`--dry-run\` support on all mutation commands

## API Reference

### \`aria ask <question>\`

Ask a question about your codebase. Returns a plain-text answer.

| Flag | Type | Default | Description |
|------|------|---------|-------------|
| \`--format\` | string | \`text\` | Output format: \`text\`, \`json\`, \`ndjson\`, \`plain\` |
| \`--session\` | string | — | Resume an existing session by ID |
| \`--yes\` | boolean | \`false\` | Skip confirmation prompts |

### \`aria patch <prompt>\`

Generate and apply a code diff. Requires confirmation unless \`--yes\` is passed.

> **Warning:** This command modifies files. Always review the diff before confirming.

## Notes

1. Supports Node.js 20+
2. ESM-only (\`"type": "module"\`)
3. No Python runtime required

---

*Generated by Aria Code v0.2.3*
"
`;

exports[`highlight > highlights Prisma fixture 1`] = `
"// Prisma sample fixture for syntax highlighting tests

datasource db {
  provider = "postgresql"
  url      = env("DATABASE_URL")
}

generator client {
  provider = "prisma-client-js"
}

enum Role {
  ADMIN
  USER
  GUEST
}

enum OrderStatus {
  PENDING
  PROCESSING
  SHIPPED
  DELIVERED
  CANCELLED
}

model User {
  id        Int      @id @default(autoincrement())
  email     String   @unique
  name      String?
  role      Role     @default(USER)
  createdAt DateTime @default(now())
  updatedAt DateTime @updatedAt

  profile  Profile?
  orders   Order[]
  sessions Session[]

  @@index([email])
  @@map("users")
}

model Profile {
  id     Int     @id @default(autoincrement())
  bio    String?
  avatar String?
  userId Int     @unique

  user User @relation(fields: [userId], references: [id], onDelete: Cascade)

  @@map("profiles")
}

model Order {
  id          Int         @id @default(autoincrement())
  total       Float
  status      OrderStatus @default(PENDING)
  createdAt   DateTime    @default(now())
  completedAt DateTime?
  userId      Int

  user  User        @relation(fields: [userId], references: [id])
  items OrderItem[]

  @@index([userId, status])
  @@map("orders")
}

model OrderItem {
  id       Int    @id @default(autoincrement())
  quantity Int
  price    Float
  orderId  Int
  sku      String

  order Order @relation(fields: [orderId], references: [id], onDelete: Cascade)

  @@map("order_items")
}

model Session {
  id        String   @id @default(uuid())
  token     String   @unique
  expiresAt DateTime
  userId    Int

  user User @relation(fields: [userId], references: [id], onDelete: Cascade)

  @@map("sessions")
}
"
`;

exports[`highlight > highlights TypeScript fixture 1`] = `
"// TypeScript sample fixture for syntax highlighting tests
import { readFileSync } from 'fs';
import path from 'path';

interface UserProfile {
  id: number;
  name: string;
  email: string;
  createdAt: Date;
  role: 'admin' | 'user' | 'guest';
}

type ApiResponse<T> = {
  data: T;
  error: string | null;
  statusCode: number;
};

const DEFAULT_LIMIT = 20;
const BASE_URL = 'https://api.example.com';

async function fetchUser(id: number): Promise<UserProfile | null> {
  if (id <= 0) {
    throw new Error(\`Invalid user ID: \${id}\`);
  }

  const url = \`\${BASE_URL}/users/\${id}\`;
  /* TODO: replace with actual HTTP client */
  const raw = readFileSync(path.join('fixtures', \`user-\${id}.json\`), 'utf-8');
  return JSON.parse(raw) as UserProfile;
}

class UserService {
  private cache: Map<number, UserProfile> = new Map();

  constructor(private readonly limit: number = DEFAULT_LIMIT) {}

  async getUser(id: number): Promise<ApiResponse<UserProfile | null>> {
    if (this.cache.has(id)) {
      return { data: this.cache.get(id)!, error: null, statusCode: 200 };
    }

    try {
      const user = await fetchUser(id);
      if (user) this.cache.set(id, user);
      return { data: user, error: null, statusCode: user ? 200 : 404 };
    } catch (err) {
      return { data: null, error: (err as Error).message, statusCode: 500 };
    }
  }
}

export { UserService, fetchUser };
export type { UserProfile, ApiResponse };
"
`;
